--- Starting Decision Engine Test ---
Current Cash: 50000
Monthly Burn (approx): 4000
Generated 6 options.

Option 1: Hire 0, Marketing +0%
Status: INFEASIBLE
Runway: 18 months
Failure Month: 7
Risk Factor: Runway Breach

Option 2: Hire 1, Marketing +0%
Status: INFEASIBLE
Runway: 18 months
Failure Month: 1
Risk Factor: Runway Breach

Option 3: Hire 2, Marketing +0%
Status: INFEASIBLE
Runway: 18 months
Failure Month: 2
Risk Factor: Runway Breach

Option 4: Hire 0, Marketing +10%
Status: INFEASIBLE
Runway: 18 months
Failure Month: 7
Risk Factor: Runway Breach

Option 5: Hire 0, Marketing +20%
Status: INFEASIBLE
Runway: 18 months
Failure Month: 7
Risk Factor: Runway Breach

Option 6: Hire 1, Marketing +15%
Status: INFEASIBLE
Runway: 18 months
Failure Month: 1
Risk Factor: Runway Breach
